[admincast.com/adminca/preview/admin_2/html/index.html]
[backblue.gif]
[fade.gif]
[index.html]
[admincast.com/adminca/preview/admin_2/html/assets/vendors/font-awesome/css/font-awesome.min.css]
[admincast.com/adminca/preview/admin_2/html/assets/vendors/bootstrap/dist/css/bootstrap.min.css]
[admincast.com/adminca/preview/admin_2/html/assets/vendors/line-awesome/css/line-awesome.min.css]
[admincast.com/adminca/preview/admin_2/html/assets/vendors/themify-icons/css/themify-icons.css]
[admincast.com/adminca/preview/admin_2/html/assets/vendors/animate.css/animate.min.css]
[admincast.com/adminca/preview/admin_2/html/assets/vendors/toastr/toastr.min.css]
[admincast.com/adminca/preview/admin_2/html/assets/vendors/bootstrap-select/dist/css/bootstrap-select.min.css]
[admincast.com/adminca/preview/admin_2/html/assets/vendors/jvectormap/jquery-jvectormap-2.0.3.css]
[admincast.com/adminca/preview/admin_2/html/assets/img/users/admin-image.png]
[admincast.com/adminca/preview/admin_2/html/assets/css/main.min.css]
[admincast.com/adminca/preview/admin_2/html/dashboard_ecommerce.html]
[admincast.com/adminca/preview/admin_2/html/dashboard_blog.html]
[admincast.com/adminca/preview/admin_2/html/dashboard_5.html]
[admincast.com/adminca/preview/admin_2/html/dashboard_4.html]
[admincast.com/adminca/preview/admin_2/html/dashboard_6.html]
[admincast.com/adminca/preview/admin_2/html/colors.html]
[admincast.com/adminca/preview/admin_2/html/dashboard_7.html]
[admincast.com/adminca/preview/admin_2/html/typography.html]
[admincast.com/adminca/preview/admin_2/html/panels.html]
[admincast.com/adminca/preview/admin_2/html/tabs-pill.html]
[admincast.com/adminca/preview/admin_2/html/tooltip_popover.html]
[admincast.com/adminca/preview/admin_2/html/alerts.html]
[admincast.com/adminca/preview/admin_2/html/badges_progress.html]
[admincast.com/adminca/preview/admin_2/html/tabs-line.html]
[admincast.com/adminca/preview/admin_2/html/lists.html]
[admincast.com/adminca/preview/admin_2/html/sweetalert.html]
[admincast.com/adminca/preview/admin_2/html/alertify.html]
[admincast.com/adminca/preview/admin_2/html/idle_timer.html]
[admincast.com/adminca/preview/admin_2/html/session_timeout.html]
[admincast.com/adminca/preview/admin_2/html/tree_view.html]
[admincast.com/adminca/preview/admin_2/html/code_editor.html]
[admincast.com/adminca/preview/admin_2/html/nestable.html]
[admincast.com/adminca/preview/admin_2/html/clipboard.html]
[admincast.com/adminca/preview/admin_2/html/masonry.html]
[admincast.com/adminca/preview/admin_2/html/pdf_viewer.html]
[admincast.com/adminca/preview/admin_2/html/toastr.html]
[admincast.com/adminca/preview/admin_2/html/buttons-rounded.html]
[admincast.com/adminca/preview/admin_2/html/buttons-square.html]
[admincast.com/adminca/preview/admin_2/html/button-icon.html]
[admincast.com/adminca/preview/admin_2/html/buttons-air.html]
[admincast.com/adminca/preview/admin_2/html/button-labeled.html]
[admincast.com/adminca/preview/admin_2/html/buttons-default.html]
[admincast.com/adminca/preview/admin_2/html/button-animated.html]
[admincast.com/adminca/preview/admin_2/html/button-dropdowns.html]
[admincast.com/adminca/preview/admin_2/html/button-groups.html]
[admincast.com/adminca/preview/admin_2/html/buttons-social.html]
[admincast.com/adminca/preview/admin_2/html/widgets-statistics.html]
[admincast.com/adminca/preview/admin_2/html/widgets-user.html]
[admincast.com/adminca/preview/admin_2/html/widgets-blog.html]
[admincast.com/adminca/preview/admin_2/html/form-controls.html]
[admincast.com/adminca/preview/admin_2/html/form-switch.html]
[admincast.com/adminca/preview/admin_2/html/widgets-list.html]
[admincast.com/adminca/preview/admin_2/html/form-checkbox-radio.html]
[admincast.com/adminca/preview/admin_2/html/form-input-groups.html]
[admincast.com/adminca/preview/admin_2/html/form_advanced.html]
[admincast.com/adminca/preview/admin_2/html/form_layouts.html]
[admincast.com/adminca/preview/admin_2/html/form_masks.html]
[admincast.com/adminca/preview/admin_2/html/buttons-fab.html]
[admincast.com/adminca/preview/admin_2/html/form_validation.html]
[admincast.com/adminca/preview/admin_2/html/form_dropzone.html]
[admincast.com/adminca/preview/admin_2/html/text_editors.html]
[admincast.com/adminca/preview/admin_2/html/image_cropping.html]
[admincast.com/adminca/preview/admin_2/html/autocomplete.html]
[admincast.com/adminca/preview/admin_2/html/form_wizard.html]
[admincast.com/adminca/preview/admin_2/html/table_basic.html]
[admincast.com/adminca/preview/admin_2/html/datatables.html]
[admincast.com/adminca/preview/admin_2/html/charts_flot.html]
[admincast.com/adminca/preview/admin_2/html/charts_morris.html]
[admincast.com/adminca/preview/admin_2/html/charts_peity.html]
[admincast.com/adminca/preview/admin_2/html/c3.html]
[admincast.com/adminca/preview/admin_2/html/charts_sparkline.html]
[admincast.com/adminca/preview/admin_2/html/charts_rickshaw.html]
[admincast.com/adminca/preview/admin_2/html/maps_google.html]
[admincast.com/adminca/preview/admin_2/html/datamaps.html]
[admincast.com/adminca/preview/admin_2/html/maps_vector.html]
[admincast.com/adminca/preview/admin_2/html/icons.html]
[admincast.com/adminca/preview/admin_2/html/chartjs.html]
[admincast.com/adminca/preview/admin_2/html/blog_list.html]
[admincast.com/adminca/preview/admin_2/html/article.html]
[admincast.com/adminca/preview/admin_2/html/ecommerce_products_list.html]
[admincast.com/adminca/preview/admin_2/html/ecommerce_add_product.html]
[admincast.com/adminca/preview/admin_2/html/ecommerce_order_details.html]
[admincast.com/adminca/preview/admin_2/html/invoice.html]
[admincast.com/adminca/preview/admin_2/html/ecommerce_customers.html]
[admincast.com/adminca/preview/admin_2/html/mailbox.html]
[admincast.com/adminca/preview/admin_2/html/calendar.html]
[admincast.com/adminca/preview/admin_2/html/faq.html]
[admincast.com/adminca/preview/admin_2/html/timeline.html]
[admincast.com/adminca/preview/admin_2/html/search.html]
[admincast.com/adminca/preview/admin_2/html/timeline_horizontal.html]
[admincast.com/adminca/preview/admin_2/html/pricing-table-1.html]
[admincast.com/adminca/preview/admin_2/html/pricing-table-3.html]
[admincast.com/adminca/preview/admin_2/html/pricing-table-4.html]
[admincast.com/adminca/preview/admin_2/html/pricing-table-2.html]
[admincast.com/adminca/preview/admin_2/html/pricing-table-5.html]
[admincast.com/adminca/preview/admin_2/html/pricing-table-6.html]
[admincast.com/adminca/preview/admin_2/html/profile.html]
[admincast.com/adminca/preview/admin_2/html/login.html]
[admincast.com/adminca/preview/admin_2/html/login-2.html]
[admincast.com/adminca/preview/admin_2/html/login-3.html]
[admincast.com/adminca/preview/admin_2/html/login-4.html]
[admincast.com/adminca/preview/admin_2/html/login-5.html]
[admincast.com/adminca/preview/admin_2/html/lockscreen.html]
[admincast.com/adminca/preview/admin_2/html/ecommerce_orders_list.html]
[admincast.com/adminca/preview/admin_2/html/forgot_password.html]
[admincast.com/adminca/preview/admin_2/html/error_404.html]
[admincast.com/adminca/preview/admin_2/html/error_404-2.html]
[admincast.com/adminca/preview/admin_2/html/error_403.html]
[admincast.com/adminca/preview/admin_2/html/error_500.html]
[admincast.com/adminca/preview/admin_2/html/maintenance.html]
[admincast.com/adminca/preview/admin_2/html/assets/img/users/u8.jpg]
[admincast.com/adminca/preview/admin_2/html/assets/img/users/u6.jpg]
[admincast.com/adminca/preview/admin_2/html/assets/img/users/u11.jpg]
[admincast.com/adminca/preview/admin_2/html/assets/img/users/u10.jpg]
[admincast.com/adminca/preview/admin_2/html/assets/img/users/u2.jpg]
[admincast.com/adminca/preview/admin_2/html/assets/img/users/u5.jpg]
[admincast.com/adminca/preview/admin_2/html/assets/img/users/u3.jpg]
[admincast.com/adminca/preview/admin_2/html/assets/img/users/u9.jpg]
[admincast.com/adminca/preview/admin_2/html/assets/img/users/u1.jpg]
[admincast.com/adminca/preview/admin_2/html/assets/img/users/u7.jpg]
[admincast.com/adminca/preview/admin_2/html/assets/img/blog/culinary-1.jpg]
[admincast.com/adminca/preview/admin_2/html/assets/img/blog/01.jpg]
[admincast.com/adminca/preview/admin_2/html/assets/vendors/popper.js/dist/umd/popper.min.js]
[admincast.com/adminca/preview/admin_2/html/assets/vendors/metisMenu/dist/metisMenu.min.js]
[admincast.com/adminca/preview/admin_2/html/assets/vendors/jquery-slimscroll/jquery.slimscroll.min.js]
[admincast.com/adminca/preview/admin_2/html/assets/vendors/bootstrap/dist/js/bootstrap.min.js]
[admincast.com/adminca/preview/admin_2/html/assets/vendors/jquery-idletimer/dist/idle-timer.min.js]
[admincast.com/adminca/preview/admin_2/html/assets/vendors/toastr/toastr.min.js]
[admincast.com/adminca/preview/admin_2/html/assets/vendors/jquery-validation/dist/jquery.validate.min.js]
[admincast.com/adminca/preview/admin_2/html/assets/vendors/bootstrap-select/dist/js/bootstrap-select.min.js]
[admincast.com/adminca/preview/admin_2/html/assets/vendors/jquery/dist/jquery.min.js]
[admincast.com/adminca/preview/admin_2/html/assets/vendors/jquery.easy-pie-chart/dist/jquery.easypiechart.min.js]
[admincast.com/adminca/preview/admin_2/html/assets/vendors/chart.js/dist/Chart.min.js]
[admincast.com/adminca/preview/admin_2/html/assets/vendors/jvectormap/jquery-jvectormap-2.0.3.min.js]
[admincast.com/adminca/preview/admin_2/html/assets/js/app.min.js]
[admincast.com/adminca/preview/admin_2/html/index.html]
[admincast.com/adminca/preview/admin_2/html/assets/vendors/bootstrap/dist/css/bootstrap.min.css]
[admincast.com/adminca/preview/admin_2/html/assets/js/scripts/dashboard_visitors.js]
[admincast.com/adminca/preview/admin_2/html/assets/vendors/font-awesome/fonts/fontawesome-webfont3e6e.eot]
[admincast.com/adminca/preview/admin_2/html/assets/vendors/font-awesome/fonts/fontawesome-webfontd41d.eot]
[admincast.com/adminca/preview/admin_2/html/assets/vendors/font-awesome/fonts/fontawesome-webfont3e6e.woff2]
[admincast.com/adminca/preview/admin_2/html/assets/vendors/jvectormap/jquery-jvectormap-world-mill-en.js]
[admincast.com/adminca/preview/admin_2/html/assets/vendors/font-awesome/fonts/fontawesome-webfont3e6e.woff]
[admincast.com/adminca/preview/admin_2/html/assets/vendors/font-awesome/fonts/fontawesome-webfont3e6e.ttf]
[admincast.com/adminca/preview/admin_2/html/assets/vendors/font-awesome/css/font-awesome.min.css]
[admincast.com/adminca/preview/admin_2/html/assets/vendors/line-awesome/fonts/line-awesomeeb4f.eot]
[admincast.com/adminca/preview/admin_2/html/assets/vendors/line-awesome/fonts/line-awesome0176.eot]
[admincast.com/adminca/preview/admin_2/html/assets/vendors/line-awesome/fonts/line-awesomeeb4f.woff2]
[admincast.com/adminca/preview/admin_2/html/assets/vendors/line-awesome/fonts/line-awesomeeb4f.woff]
[admincast.com/adminca/preview/admin_2/html/assets/vendors/line-awesome/fonts/line-awesomeeb4f.ttf]
[admincast.com/adminca/preview/admin_2/html/assets/vendors/line-awesome/css/line-awesome.min.css]
[admincast.com/adminca/preview/admin_2/html/assets/vendors/themify-icons/fonts/themify.eot]
[admincast.com/adminca/preview/admin_2/html/assets/vendors/themify-icons/fonts/themify.woff]
[admincast.com/adminca/preview/admin_2/html/assets/vendors/themify-icons/fonts/themify.ttf]
[admincast.com/adminca/preview/admin_2/html/assets/vendors/themify-icons/fonts/themifyd41d.eot]
[admincast.com/adminca/preview/admin_2/html/assets/vendors/themify-icons/css/themify-icons.css]
[admincast.com/adminca/preview/admin_2/html/assets/vendors/animate.css/animate.min.css]
[admincast.com/adminca/preview/admin_2/html/assets/vendors/toastr/toastr.min.css]
[admincast.com/adminca/preview/admin_2/html/assets/vendors/bootstrap-select/dist/css/bootstrap-select.min.css]
[admincast.com/adminca/preview/admin_2/html/assets/vendors/jvectormap/jquery-jvectormap-2.0.3.css]
[admincast.com/adminca/preview/admin_2/html/assets/css/main.min.css]
[admincast.com/adminca/preview/admin_2/html/assets/img/logos/payment/visa.png]
[admincast.com/adminca/preview/admin_2/html/assets/img/logos/payment/paypal.png]
[admincast.com/adminca/preview/admin_2/html/assets/img/logos/payment/mastercard.png]
[admincast.com/adminca/preview/admin_2/html/assets/img/logos/payment/jcb.png]
[admincast.com/adminca/preview/admin_2/html/assets/img/logos/payment/eps.png]
[admincast.com/adminca/preview/admin_2/html/assets/img/products/01.jpg]
[admincast.com/adminca/preview/admin_2/html/assets/img/products/02.jpg]
[admincast.com/adminca/preview/admin_2/html/assets/img/products/03.jpg]
[admincast.com/adminca/preview/admin_2/html/dashboard_ecommerce.html]
[admincast.com/adminca/preview/admin_2/html/assets/js/scripts/dashboard_ecommerce.js]
[admincast.com/adminca/preview/admin_2/html/assets/img/blog/04.jpg]
[admincast.com/adminca/preview/admin_2/html/assets/img/blog/07.jpg]
[admincast.com/adminca/preview/admin_2/html/assets/img/blog/02.jpg]
[admincast.com/adminca/preview/admin_2/html/assets/js/scripts/dashboard_blog.js]
[admincast.com/adminca/preview/admin_2/html/dashboard_blog.html]
[admincast.com/adminca/preview/admin_2/html/assets/vendors/morris.js/morris.css]
[admincast.com/adminca/preview/admin_2/html/assets/img/blog/03.jpg]
[admincast.com/adminca/preview/admin_2/html/dashboard_4.html]
[admincast.com/adminca/preview/admin_2/html/assets/js/scripts/dashboard_4.js]
[admincast.com/adminca/preview/admin_2/html/assets/vendors/fullcalendar/dist/fullcalendar.min.css]
[admincast.com/adminca/preview/admin_2/html/assets/vendors/fullcalendar/dist/fullcalendar.print.min.css]
[admincast.com/adminca/preview/admin_2/html/assets/vendors/smalot-bootstrap-datetimepicker/css/bootstrap-datetimepicker.min.css]
[admincast.com/adminca/preview/admin_2/html/assets/vendors/smalot-bootstrap-datetimepicker/js/bootstrap-datetimepicker.min.js]
[admincast.com/adminca/preview/admin_2/html/assets/js/scripts/dashboard_5.js]
[admincast.com/adminca/preview/admin_2/html/assets/vendors/moment/min/moment.min.js]
[admincast.com/adminca/preview/admin_2/html/assets/vendors/fullcalendar/dist/fullcalendar.min.js]
[admincast.com/adminca/preview/admin_2/html/dashboard_5.html]
[admincast.com/adminca/preview/admin_2/html/assets/js/scripts/calendar-demo.js]
[admincast.com/adminca/preview/admin_2/html/dashboard_6.html]
[admincast.com/adminca/preview/admin_2/html/assets/js/scripts/dashboard_6.js]
[admincast.com/adminca/preview/admin_2/html/dashboard_7.html]
[admincast.com/adminca/preview/admin_2/html/colors.html]
[admincast.com/adminca/preview/admin_2/html/typography.html]
[admincast.com/adminca/preview/admin_2/html/panels.html]
[admincast.com/adminca/preview/admin_2/html/tabs-pill.html]
[admincast.com/adminca/preview/admin_2/html/tabs-line.html]
[admincast.com/adminca/preview/admin_2/html/alerts.html]
[admincast.com/adminca/preview/admin_2/html/tooltip_popover.html]
[admincast.com/adminca/preview/admin_2/html/badges_progress.html]
[admincast.com/adminca/preview/admin_2/html/lists.html]
[admincast.com/adminca/preview/admin_2/html/assets/js/scripts/dashboard_7.js]
[admincast.com/adminca/preview/admin_2/html/assets/vendors/jquery-sparkline/dist/jquery.sparkline.min.js]
[admincast.com/adminca/preview/admin_2/html/toastr.html]
[admincast.com/adminca/preview/admin_2/html/assets/js/scripts/toastr-demo.js]
[admincast.com/adminca/preview/admin_2/html/assets/vendors/bootstrap-sweetalert/dist/sweetalert.css]
[admincast.com/adminca/preview/admin_2/html/sweetalert.html]
[admincast.com/adminca/preview/admin_2/html/assets/vendors/bootstrap-sweetalert/dist/sweetalert.min.js]
[admincast.com/adminca/preview/admin_2/html/assets/js/scripts/sweetalert-demo.js]
[admincast.com/adminca/preview/admin_2/html/assets/vendors/alertifyjs/dist/css/alertify.css]
[admincast.com/adminca/preview/admin_2/html/assets/vendors/alertifyjs/dist/js/alertify.js]
[admincast.com/adminca/preview/admin_2/html/alertify.html]
[admincast.com/adminca/preview/admin_2/html/idle_timer.html]
[admincast.com/adminca/preview/admin_2/html/assets/js/scripts/alertify-demo.js]
[admincast.com/adminca/preview/admin_2/html/session_timeout.html]
[admincast.com/adminca/preview/admin_2/html/assets/vendors/bootstrap-session-timeout/dist/bootstrap-session-timeout.min.js]
[admincast.com/adminca/preview/admin_2/html/assets/vendors/codemirror/codemirror.css]
[admincast.com/adminca/preview/admin_2/html/assets/vendors/codemirror/theme/ambiance.css]
[admincast.com/adminca/preview/admin_2/html/assets/vendors/codemirror/theme/material.css]
[admincast.com/adminca/preview/admin_2/html/assets/vendors/codemirror/mode/xml.js]
[admincast.com/adminca/preview/admin_2/html/code_editor.html]
[admincast.com/adminca/preview/admin_2/html/assets/vendors/codemirror/mode/javascript.js]
[admincast.com/adminca/preview/admin_2/html/assets/vendors/jstree/dist/themes/default/style.min.css]
[admincast.com/adminca/preview/admin_2/html/assets/vendors/codemirror/mode/css.js]
[admincast.com/adminca/preview/admin_2/html/tree_view.html]
[admincast.com/adminca/preview/admin_2/html/assets/js/scripts/tree-view-demo.js]
[admincast.com/adminca/preview/admin_2/html/nestable.html]
[admincast.com/adminca/preview/admin_2/html/assets/vendors/nestable/jquery.nestable.js]
[admincast.com/adminca/preview/admin_2/html/clipboard.html]
[admincast.com/adminca/preview/admin_2/html/assets/vendors/clipboard/dist/clipboard.min.js]
[admincast.com/adminca/preview/admin_2/html/masonry.html]
[admincast.com/adminca/preview/admin_2/html/assets/vendors/jstree/dist/jstree.min.js]
[admincast.com/adminca/preview/admin_2/html/assets/vendors/masonry/dist/masonry.pkgd.min.js]
[admincast.com/adminca/preview/admin_2/html/pdf_viewer.html]
[admincast.com/adminca/preview/admin_2/html/buttons-default.html]
[admincast.com/adminca/preview/admin_2/html/buttons-rounded.html]
[admincast.com/adminca/preview/admin_2/html/buttons-square.html]
[admincast.com/adminca/preview/admin_2/html/buttons-air.html]
[admincast.com/adminca/preview/admin_2/html/button-icon.html]
[admincast.com/adminca/preview/admin_2/html/button-labeled.html]
[admincast.com/adminca/preview/admin_2/html/button-animated.html]
[admincast.com/adminca/preview/admin_2/html/assets/js/scripts/pdfjs-demo.js]
[admincast.com/adminca/preview/admin_2/html/assets/vendors/prism/themes/prism.css]
[admincast.com/adminca/preview/admin_2/html/assets/vendors/prism/prism.js]
[admincast.com/adminca/preview/admin_2/html/buttons-fab.html]
[admincast.com/adminca/preview/admin_2/html/button-groups.html]
[admincast.com/adminca/preview/admin_2/html/button-dropdowns.html]
[admincast.com/adminca/preview/admin_2/html/buttons-social.html]
[admincast.com/adminca/preview/admin_2/html/assets/vendors/codemirror/codemirror.js]
[admincast.com/adminca/preview/admin_2/html/assets/vendors/morris.js/morris.min.js]
[admincast.com/adminca/preview/admin_2/html/assets/vendors/peity/jquery.peity.min.js]
[admincast.com/adminca/preview/admin_2/html/widgets-statistics.html]
[admincast.com/adminca/preview/admin_2/html/widgets-list.html]
[admincast.com/adminca/preview/admin_2/html/assets/img/blog/06.jpg]
[admincast.com/adminca/preview/admin_2/html/assets/js/scripts/widgets-demo.js]
[admincast.com/adminca/preview/admin_2/html/assets/img/blog/10.jpg]
[admincast.com/adminca/preview/admin_2/html/assets/vendors/raphael/raphael.min.js]
[admincast.com/adminca/preview/admin_2/html/assets/img/blog/11.jpg]
[admincast.com/adminca/preview/admin_2/html/assets/img/blog/12.jpg]
[admincast.com/adminca/preview/admin_2/html/assets/img/blog/15.jpg]
[admincast.com/adminca/preview/admin_2/html/assets/img/blog/14.jpg]
[admincast.com/adminca/preview/admin_2/html/widgets-user.html]
[admincast.com/adminca/preview/admin_2/html/assets/img/blog/05.jpg]
[admincast.com/adminca/preview/admin_2/html/widgets-blog.html]
[admincast.com/adminca/preview/admin_2/html/form-controls.html]
[admincast.com/adminca/preview/admin_2/html/form-switch.html]
[admincast.com/adminca/preview/admin_2/html/form-checkbox-radio.html]
[admincast.com/adminca/preview/admin_2/html/form-input-groups.html]
[admincast.com/adminca/preview/admin_2/html/form_layouts.html]
[admincast.com/adminca/preview/admin_2/html/assets/vendors/select2/dist/css/select2.min.css]
[admincast.com/adminca/preview/admin_2/html/assets/vendors/pdfjs/pdf.js]
[admincast.com/adminca/preview/admin_2/html/assets/vendors/ion.rangeSlider/css/ion.rangeSlider.css]
[admincast.com/adminca/preview/admin_2/html/assets/vendors/ion.rangeSlider/css/ion.rangeSlider.skinFlat.css]
[admincast.com/adminca/preview/admin_2/html/assets/vendors/bootstrap-daterangepicker/daterangepicker.css]
[admincast.com/adminca/preview/admin_2/html/assets/vendors/clockpicker/dist/bootstrap-clockpicker.min.css]
[admincast.com/adminca/preview/admin_2/html/assets/vendors/jquery-minicolors/jquery.minicolors.css]
[admincast.com/adminca/preview/admin_2/html/assets/vendors/multiselect/css/multi-select.css]
[admincast.com/adminca/preview/admin_2/html/assets/vendors/bootstrap-datepicker/dist/css/bootstrap-datepicker3.min.css]
[admincast.com/adminca/preview/admin_2/html/assets/vendors/bootstrap-tagsinput/dist/bootstrap-tagsinput.css]
[admincast.com/adminca/preview/admin_2/html/assets/vendors/bootstrap-touchspin/dist/jquery.bootstrap-touchspin.min.css]
[admincast.com/adminca/preview/admin_2/html/buttons.html]
[admincast.com/adminca/preview/admin_2/html/assets/vendors/jquery-knob/dist/jquery.knob.min.js]
[admincast.com/adminca/preview/admin_2/html/assets/vendors/ion.rangeSlider/js/ion.rangeSlider.min.js]
[admincast.com/adminca/preview/admin_2/html/assets/vendors/clockpicker/dist/bootstrap-clockpicker.min.js]
[admincast.com/adminca/preview/admin_2/html/assets/vendors/bootstrap-datepicker/dist/js/bootstrap-datepicker.min.js]
[admincast.com/adminca/preview/admin_2/html/assets/vendors/bootstrap-daterangepicker/daterangepicker.js]
[admincast.com/adminca/preview/admin_2/html/assets/vendors/jquery-minicolors/jquery.minicolors.min.js]
[admincast.com/adminca/preview/admin_2/html/assets/vendors/select2/dist/js/select2.full.min.js]
[admincast.com/adminca/preview/admin_2/html/assets/vendors/multiselect/js/jquery.multi-select.js]
[admincast.com/adminca/preview/admin_2/html/assets/vendors/bootstrap-tagsinput/dist/bootstrap-tagsinput.min.js]
[admincast.com/adminca/preview/admin_2/html/assets/vendors/bootstrap-maxlength/src/bootstrap-maxlength.js]
[admincast.com/adminca/preview/admin_2/html/assets/vendors/bootstrap-touchspin/dist/jquery.bootstrap-touchspin.min.js]
[admincast.com/adminca/preview/admin_2/html/form_advanced.html]
[admincast.com/adminca/preview/admin_2/html/assets/js/scripts/form-plugins.js]
[admincast.com/adminca/preview/admin_2/html/form_masks.html]
[admincast.com/adminca/preview/admin_2/html/form_validation.html]
[admincast.com/adminca/preview/admin_2/html/assets/vendors/jquery.maskedinput/dist/jquery.maskedinput.min.js]
[admincast.com/adminca/preview/admin_2/html/assets/vendors/summernote/dist/summernote.css]
[admincast.com/adminca/preview/admin_2/html/assets/vendors/bootstrap-markdown/css/bootstrap-markdown.min.css]
[admincast.com/adminca/preview/admin_2/html/assets/vendors/summernote/dist/summernote.min.js]
[admincast.com/adminca/preview/admin_2/html/text_editors.html]
[admincast.com/adminca/preview/admin_2/html/assets/vendors/dropzone/dist/min/dropzone.min.css]
[admincast.com/adminca/preview/admin_2/html/assets/vendors/dropzone/dist/min/basic.min.css]
[admincast.com/adminca/preview/admin_2/html/form_dropzone.html]
[admincast.com/adminca/preview/admin_2/html/assets/vendors/dropzone/dist/min/dropzone.min.js]
[admincast.com/adminca/preview/admin_2/html/assets/vendors/cropper/dist/cropper.min.css]
[admincast.com/adminca/preview/admin_2/html/assets/css/pages/image-cropping.css]
[admincast.com/adminca/preview/admin_2/html/assets/vendors/bootstrap-markdown/js/bootstrap-markdown.js]
[admincast.com/adminca/preview/admin_2/html/assets/img/blog/cropper-picture.jpg]
[admincast.com/adminca/preview/admin_2/html/cropped.jpg]
[admincast.com/adminca/preview/admin_2/html/image_cropping.html]
[admincast.com/adminca/preview/admin_2/html/assets/js/scripts/image-cropping.js]
[admincast.com/adminca/preview/admin_2/html/assets/vendors/cropper/dist/cropper.min.js]
[admincast.com/adminca/preview/admin_2/html/assets/js/scripts/typehead-demo.js]
[admincast.com/adminca/preview/admin_2/html/autocomplete.html]
[admincast.com/adminca/preview/admin_2/html/assets/vendors/typeahead.js/dist/typeahead.bundle.min.js]
[admincast.com/adminca/preview/admin_2/html/form_wizard.html]
[admincast.com/adminca/preview/admin_2/html/table_basic.html]
[admincast.com/adminca/preview/admin_2/html/assets/vendors/dataTables/datatables.min.css]
[admincast.com/adminca/preview/admin_2/html/assets/vendors/jquery.steps/build/jquery.steps.min.js]
[admincast.com/adminca/preview/admin_2/html/datatables.html]
[admincast.com/adminca/preview/admin_2/html/assets/vendors/Flot/jquery.flot.resize.js]
[admincast.com/adminca/preview/admin_2/html/assets/vendors/Flot/jquery.flot.js]
[admincast.com/adminca/preview/admin_2/html/assets/vendors/Flot/jquery.flot.time.js]
[admincast.com/adminca/preview/admin_2/html/assets/vendors/Flot/jquery.flot.pie.js]
[admincast.com/adminca/preview/admin_2/html/assets/vendors/flot.tooltip/js/jquery.flot.tooltip.min.js]
[admincast.com/adminca/preview/admin_2/html/assets/vendors/Flot/jquery.flot.categories.js]
[admincast.com/adminca/preview/admin_2/html/assets/vendors/Flot/jquery.flot.stack.js]
[admincast.com/adminca/preview/admin_2/html/assets/vendors/dataTables/datatables.min.js]
[admincast.com/adminca/preview/admin_2/html/assets/vendors/Flot/jquery.flot.selection.js]
[admincast.com/adminca/preview/admin_2/html/assets/vendors/flot-orderBars/js/jquery.flot.orderBars.js]
[admincast.com/adminca/preview/admin_2/html/charts_flot.html]
[admincast.com/adminca/preview/admin_2/html/charts_morris.html]
[admincast.com/adminca/preview/admin_2/html/assets/js/scripts/charts_morris_demo.js]
[admincast.com/adminca/preview/admin_2/html/chartjs.html]
[admincast.com/adminca/preview/admin_2/html/assets/js/scripts/chartjs_demo.js]
[admincast.com/adminca/preview/admin_2/html/assets/vendors/c3/c3.min.css]
[admincast.com/adminca/preview/admin_2/html/assets/js/scripts/charts_flot_demo.js]
[admincast.com/adminca/preview/admin_2/html/c3.html]
[admincast.com/adminca/preview/admin_2/html/charts_peity.html]
[admincast.com/adminca/preview/admin_2/html/assets/js/scripts/sparkline-demo.js]
[admincast.com/adminca/preview/admin_2/html/assets/js/scripts/c3-demo.js]
[admincast.com/adminca/preview/admin_2/html/charts_sparkline.html]
[admincast.com/adminca/preview/admin_2/html/assets/vendors/d3/d3.min.js]
[admincast.com/adminca/preview/admin_2/html/assets/vendors/rickshaw/rickshaw.min.css]
[admincast.com/adminca/preview/admin_2/html/charts_rickshaw.html]
[admincast.com/adminca/preview/admin_2/html/assets/js/scripts/rickshaw-demo.js]
[admincast.com/adminca/preview/admin_2/html/maps_google.html]
[admincast.com/adminca/preview/admin_2/html/assets/js/scripts/google-maps-demo.js]
[admincast.com/adminca/preview/admin_2/html/assets/vendors/topojson/topojson.min.js]
[admincast.com/adminca/preview/admin_2/html/assets/vendors/rickshaw/rickshaw.min.js]
[admincast.com/adminca/preview/admin_2/html/assets/vendors/c3/c3.min.js]
[admincast.com/adminca/preview/admin_2/html/datamaps.html]
[admincast.com/adminca/preview/admin_2/html/assets/js/scripts/datamaps-demo.js]
[admincast.com/adminca/preview/admin_2/html/maps_vector.html]
[admincast.com/adminca/preview/admin_2/html/icons.html]
[admincast.com/adminca/preview/admin_2/html/assets/js/scripts/jvectormap-demo.js]
[admincast.com/adminca/preview/admin_2/html/assets/vendors/datamaps/dist/datamaps.all.min.js]
[admincast.com/adminca/preview/admin_2/html/mailbox.html]
[admincast.com/adminca/preview/admin_2/html/blog_list.html]
[admincast.com/adminca/preview/admin_2/html/article.html]
[admincast.com/adminca/preview/admin_2/html/assets/js/scripts/mailbox.js]
[admincast.com/adminca/preview/admin_2/html/assets/img/products/07.jpg]
[admincast.com/adminca/preview/admin_2/html/assets/img/products/10.jpg]
[admincast.com/adminca/preview/admin_2/html/assets/img/products/16.jpg]
[admincast.com/adminca/preview/admin_2/html/assets/vendors/jvectormap/jquery-jvectormap-us-aea-en.js]
[admincast.com/adminca/preview/admin_2/html/assets/img/products/15.jpg]
[admincast.com/adminca/preview/admin_2/html/assets/img/products/11.jpg]
[admincast.com/adminca/preview/admin_2/html/assets/img/products/23.jpg]
[admincast.com/adminca/preview/admin_2/html/assets/img/products/18.jpg]
[admincast.com/adminca/preview/admin_2/html/assets/img/products/08.jpg]
[admincast.com/adminca/preview/admin_2/html/assets/img/products/12.jpg]
[admincast.com/adminca/preview/admin_2/html/assets/img/products/20.jpg]
[admincast.com/adminca/preview/admin_2/html/assets/img/products/05.jpg]
[admincast.com/adminca/preview/admin_2/html/assets/img/products/17.jpg]
[admincast.com/adminca/preview/admin_2/html/assets/img/products/21.jpg]
[admincast.com/adminca/preview/admin_2/html/assets/img/products/25.jpg]
[admincast.com/adminca/preview/admin_2/html/assets/img/products/13.jpg]
[admincast.com/adminca/preview/admin_2/html/assets/img/products/06.jpg]
[admincast.com/adminca/preview/admin_2/html/assets/img/products/09.jpg]
[admincast.com/adminca/preview/admin_2/html/assets/img/products/19.jpg]
[admincast.com/adminca/preview/admin_2/html/assets/img/products/22.jpg]
[admincast.com/adminca/preview/admin_2/html/assets/img/products/26.jpg]
[admincast.com/adminca/preview/admin_2/html/assets/img/products/24.jpg]
[admincast.com/adminca/preview/admin_2/html/assets/img/products/04.jpg]
[admincast.com/adminca/preview/admin_2/html/assets/img/products/14.jpg]
[admincast.com/adminca/preview/admin_2/html/ecommerce_products_list.html]
[admincast.com/adminca/preview/admin_2/html/assets/img/products/27.jpg]
[admincast.com/adminca/preview/admin_2/html/assets/img/products/28.jpg]
[admincast.com/adminca/preview/admin_2/html/assets/img/products/29.jpg]
[admincast.com/adminca/preview/admin_2/html/assets/img/products/30.jpg]
[admincast.com/adminca/preview/admin_2/html/ecommerce_add_product.html]
[admincast.com/adminca/preview/admin_2/html/ecommerce_orders_list.html]
[admincast.com/adminca/preview/admin_2/html/ecommerce_order_details.html]
[admincast.com/adminca/preview/admin_2/html/invoice.html]
[admincast.com/adminca/preview/admin_2/html/ecommerce_customers.html]
[admincast.com/adminca/preview/admin_2/html/calendar.html]
[admincast.com/adminca/preview/admin_2/html/faq.html]
[admincast.com/adminca/preview/admin_2/html/search.html]
[admincast.com/adminca/preview/admin_2/html/timeline.html]
[admincast.com/adminca/preview/admin_2/html/assets/css/pages/timeline.css]
[admincast.com/adminca/preview/admin_2/html/assets/vendors/horizontal-timeline/horizontal-timeline.css]
[admincast.com/adminca/preview/admin_2/html/timeline_horizontal.html]
[admincast.com/adminca/preview/admin_2/html/pricing-table-1.html]
[admincast.com/adminca/preview/admin_2/html/pricing-table-2.html]
[admincast.com/adminca/preview/admin_2/html/pricing-table-3.html]
[admincast.com/adminca/preview/admin_2/html/pricing-table-4.html]
[admincast.com/adminca/preview/admin_2/html/pricing-table-5.html]
[admincast.com/adminca/preview/admin_2/html/pricing-table-6.html]
[admincast.com/adminca/preview/admin_2/html/profile.html]
[admincast.com/adminca/preview/admin_2/html/assets/vendors/horizontal-timeline/horizontal-timeline.js]
[admincast.com/adminca/preview/admin_2/html/assets/img/blog/17.jpg]
[admincast.com/adminca/preview/admin_2/html/login.html]
[admincast.com/adminca/preview/admin_2/html/login-2.html]
[admincast.com/adminca/preview/admin_2/html/login-3.html]
[admincast.com/adminca/preview/admin_2/html/assets/img/blog/18.jpg]
[admincast.com/adminca/preview/admin_2/html/login-4.html]
[admincast.com/adminca/preview/admin_2/html/assets/img/blog/19.jpg]
[admincast.com/adminca/preview/admin_2/html/assets/vendors/jquery-ui/jquery-ui.min.js]
[admincast.com/adminca/preview/admin_2/html/login-5.html]
[admincast.com/adminca/preview/admin_2/html/lockscreen.html]
[admincast.com/adminca/preview/admin_2/html/forgot_password.html]
[admincast.com/adminca/preview/admin_2/html/error_404.html]
[admincast.com/adminca/preview/admin_2/html/error_404-2.html]
[admincast.com/adminca/preview/admin_2/html/error_403.html]
[admincast.com/adminca/preview/admin_2/html/error_500.html]
[admincast.com/adminca/preview/admin_2/html/maintenance.html]
[admincast.com/adminca/preview/admin_2/html/assets/vendors/font-awesome/fonts/fontawesome-webfont3e6e.svg]
[admincast.com/adminca/preview/admin_2/html/assets/vendors/line-awesome/fonts/line-awesomeeb4f.svg]
[admincast.com/adminca/preview/admin_2/html/assets/vendors/themify-icons/fonts/themify.svg]
[admincast.com/adminca/preview/admin_2/html/assets/img/devicons/bootstrap.svg]
[admincast.com/adminca/preview/admin_2/html/assets/img/devicons/angularjs.svg]
[admincast.com/adminca/preview/admin_2/html/assets/img/devicons/laravel.svg]
[admincast.com/adminca/preview/admin_2/html/assets/img/devicons/php.svg]
[admincast.com/adminca/preview/admin_2/html/assets/img/devicons/react.svg]
[admincast.com/adminca/preview/admin_2/html/assets/vendors/morris.js/morris.css]
[admincast.com/adminca/preview/admin_2/html/assets/vendors/fullcalendar/dist/fullcalendar.min.css]
[admincast.com/adminca/preview/admin_2/html/assets/vendors/fullcalendar/dist/fullcalendar.print.min.css]
[admincast.com/adminca/preview/admin_2/html/assets/vendors/smalot-bootstrap-datetimepicker/css/bootstrap-datetimepicker.min.css]
[admincast.com/adminca/preview/admin_2/html/assets/vendors/bootstrap-sweetalert/dist/sweetalert.css]
[admincast.com/adminca/preview/admin_2/html/assets/vendors/alertifyjs/dist/css/alertify.css]
[admincast.com/adminca/preview/admin_2/html/assets/vendors/codemirror/codemirror.css]
[admincast.com/adminca/preview/admin_2/html/assets/vendors/codemirror/theme/ambiance.css]
[admincast.com/adminca/preview/admin_2/html/assets/vendors/codemirror/theme/material.css]
[admincast.com/adminca/preview/admin_2/html/assets/vendors/jstree/dist/themes/default/style.min.css]
[admincast.com/adminca/preview/admin_2/html/assets/vendors/prism/themes/prism.html]
[admincast.com/adminca/preview/admin_2/html/assets/vendors/prism/prism.html]
[admincast.com/adminca/preview/admin_2/html/assets/vendors/select2/dist/css/select2.min.css]
[admincast.com/adminca/preview/admin_2/html/assets/vendors/ion.rangeSlider/css/ion.rangeSlider.css]
[admincast.com/adminca/preview/admin_2/html/assets/vendors/ion.rangeSlider/img/sprite-skin-flat.png]
[admincast.com/adminca/preview/admin_2/html/assets/vendors/ion.rangeSlider/css/ion.rangeSlider.skinFlat.css]
[admincast.com/adminca/preview/admin_2/html/assets/vendors/bootstrap-datepicker/dist/css/bootstrap-datepicker3.min.css]
[admincast.com/adminca/preview/admin_2/html/assets/vendors/bootstrap-daterangepicker/daterangepicker.css]
[admincast.com/adminca/preview/admin_2/html/assets/vendors/clockpicker/dist/bootstrap-clockpicker.min.css]
[admincast.com/adminca/preview/admin_2/html/assets/vendors/jquery-minicolors/jquery.minicolors.png]
[admincast.com/adminca/preview/admin_2/html/assets/vendors/jquery-minicolors/jquery.minicolors.css]
[admincast.com/adminca/preview/admin_2/html/assets/vendors/multiselect/img/switch.png]
[admincast.com/adminca/preview/admin_2/html/assets/vendors/multiselect/css/multi-select.css]
[admincast.com/adminca/preview/admin_2/html/assets/vendors/bootstrap-tagsinput/dist/bootstrap-tagsinput.css]
[admincast.com/adminca/preview/admin_2/html/assets/vendors/bootstrap-touchspin/dist/jquery.bootstrap-touchspin.min.css]
[admincast.com/adminca/preview/admin_2/html/buttons.html]
[admincast.com/adminca/preview/admin_2/html/assets/vendors/summernote/dist/font/summernote291f.eot]
[admincast.com/adminca/preview/admin_2/html/assets/vendors/summernote/dist/font/summernoted41d.eot]
[admincast.com/adminca/preview/admin_2/html/assets/vendors/summernote/dist/font/summernote291f.woff]
[admincast.com/adminca/preview/admin_2/html/assets/vendors/summernote/dist/font/summernote291f.ttf]
[admincast.com/adminca/preview/admin_2/html/assets/vendors/summernote/dist/summernote.css]
[admincast.com/adminca/preview/admin_2/html/assets/vendors/bootstrap-markdown/css/bootstrap-markdown.min.css]
[admincast.com/adminca/preview/admin_2/html/assets/vendors/dropzone/dist/min/dropzone.min.css]
[admincast.com/adminca/preview/admin_2/html/assets/vendors/dropzone/dist/min/basic.min.css]
[admincast.com/adminca/preview/admin_2/html/assets/vendors/cropper/dist/cropper.min.css]
[admincast.com/adminca/preview/admin_2/html/assets/css/pages/image-cropping.html]
[admincast.com/adminca/preview/admin_2/html/cropped.html]
[admincast.com/adminca/preview/admin_2/html/assets/vendors/dataTables/datatables.min.css]
[admincast.com/adminca/preview/admin_2/html/assets/vendors/c3/c3.min.css]
[admincast.com/adminca/preview/admin_2/html/assets/vendors/rickshaw/rickshaw.min.css]
[admincast.com/adminca/preview/admin_2/html/assets/demo/test-file.txt]
[admincast.com/adminca/preview/admin_2/html/assets/css/pages/timeline.css]
[admincast.com/adminca/preview/admin_2/html/assets/vendors/horizontal-timeline/horizontal-timeline.css]
[admincast.com/adminca/preview/admin_2/html/assets/img/icons/search-document-3.svg]
[admincast.com/adminca/preview/admin_2/html/assets/img/icons/search-document.svg]
[admincast.com/adminca/preview/admin_2/html/assets/img/icons/search-document-2.svg]
[admincast.com/adminca/preview/admin_2/html/assets/img/icons/user-lock-2.svg]
[admincast.com/adminca/preview/admin_2/html/assets/img/icons/user-lock.svg]
[admincast.com/adminca/preview/admin_2/html/assets/img/icons/server-error-2.svg]
[admincast.com/adminca/preview/admin_2/html/assets/img/icons/server-error.svg]
[admincast.com/adminca/preview/admin_2/html/assets/img/icons/tools-2.svg]
[admincast.com/adminca/preview/admin_2/html/assets/img/icons/tools.svg]
